Received new data batch (408 bytes).

=======================================================
       Sorted Student List (Total: 7)
=======================================================
1  . Denis Denisov                  | 04.03.1988 (ID: 23)
2  . Ivan Ivanovich                 | 01.01.1988 (ID: 1)
3  . Petr Kazakov                   | 05.07.1986 (ID: 54)
4  . Petr Petrov                    | 04.07.1988 (ID: 2)
5  . Vladimir Jukov                 | 04.05.1987 (ID: 4)
6  . Vladimir Kochkin               | 11.10.1989 (ID: 5)
7  . Vladimir Kochkin               | 11.11.1989 (ID: 43)
=======================================================
